// Jest Snapshot v1, https://goo.gl/fbAQLP

exports[`it renders correctly 1`] = `
<AuthProvider>
  <BrowserRouter>
    <Switch>
      <Route
        exact={true}
        path="/"
      >
        <Redirect
          to="/signup"
        />
      </Route>
      <Route
        exact={true}
        path="/signup"
      >
        <LandingPage />
      </Route>
      <Route
        exact={true}
        path="/login"
      >
        <LoginPage />
      </Route>
      <PrivateRoute
        component={[Function]}
        exact={true}
        path="/home"
      />
    </Switch>
  </BrowserRouter>
</AuthProvider>
`;
